services/geminiService.ts(32,27): error TS2551: Property 'response' does not exist on type 'GenerateContentResponse'. Did you mean 'responseId'?
